Archive member included because of file (symbol)

c:/program files/atmel/avr studio 5.1/extensions/atmel/avrgcc/3.3.1.27/avrtoolchain/bin/../lib/gcc/avr/4.5.1/avr5\libgcc.a(_mulsi3.o)
                              main.o (__mulsi3)
c:/program files/atmel/avr studio 5.1/extensions/atmel/avrgcc/3.3.1.27/avrtoolchain/bin/../lib/gcc/avr/4.5.1/avr5\libgcc.a(_divmodsi4.o)
                              main.o (__divmodsi4)
c:/program files/atmel/avr studio 5.1/extensions/atmel/avrgcc/3.3.1.27/avrtoolchain/bin/../lib/gcc/avr/4.5.1/avr5\libgcc.a(_exit.o)
                              c:/program files/atmel/avr studio 5.1/extensions/atmel/avrgcc/3.3.1.27/avrtoolchain/bin/../lib/gcc/avr/4.5.1/../../../../avr/lib/avr5/crtm16.o (exit)
c:/program files/atmel/avr studio 5.1/extensions/atmel/avrgcc/3.3.1.27/avrtoolchain/bin/../lib/gcc/avr/4.5.1/avr5\libgcc.a(_copy_data.o)
                              main.o (__do_copy_data)
c:/program files/atmel/avr studio 5.1/extensions/atmel/avrgcc/3.3.1.27/avrtoolchain/bin/../lib/gcc/avr/4.5.1/avr5\libgcc.a(_clear_bss.o)
                              rtc.o (__do_clear_bss)
c:/program files/atmel/avr studio 5.1/extensions/atmel/avrgcc/3.3.1.27/avrtoolchain/bin/../lib/gcc/avr/4.5.1/avr5\libgcc.a(_udivmodsi4.o)
                              c:/program files/atmel/avr studio 5.1/extensions/atmel/avrgcc/3.3.1.27/avrtoolchain/bin/../lib/gcc/avr/4.5.1/avr5\libgcc.a(_divmodsi4.o) (__udivmodsi4)
c:/program files/atmel/avr studio 5.1/extensions/atmel/avrgcc/3.3.1.27/avrtoolchain/bin/../lib/gcc/avr/4.5.1/../../../../avr/lib/avr5\libc.a(atol.o)
                              main.o (atol)
c:/program files/atmel/avr studio 5.1/extensions/atmel/avrgcc/3.3.1.27/avrtoolchain/bin/../lib/gcc/avr/4.5.1/../../../../avr/lib/avr5\libc.a(strcpy.o)
                              main.o (strcpy)
c:/program files/atmel/avr studio 5.1/extensions/atmel/avrgcc/3.3.1.27/avrtoolchain/bin/../lib/gcc/avr/4.5.1/../../../../avr/lib/avr5\libc.a(ltoa.o)
                              lcd.o (ltoa)
c:/program files/atmel/avr studio 5.1/extensions/atmel/avrgcc/3.3.1.27/avrtoolchain/bin/../lib/gcc/avr/4.5.1/../../../../avr/lib/avr5\libc.a(mulsi10.o)
                              c:/program files/atmel/avr studio 5.1/extensions/atmel/avrgcc/3.3.1.27/avrtoolchain/bin/../lib/gcc/avr/4.5.1/../../../../avr/lib/avr5\libc.a(atol.o) (__mulsi_const_10)
c:/program files/atmel/avr studio 5.1/extensions/atmel/avrgcc/3.3.1.27/avrtoolchain/bin/../lib/gcc/avr/4.5.1/../../../../avr/lib/avr5\libc.a(sprintf.o)
                              main.o (sprintf)
c:/program files/atmel/avr studio 5.1/extensions/atmel/avrgcc/3.3.1.27/avrtoolchain/bin/../lib/gcc/avr/4.5.1/../../../../avr/lib/avr5\libc.a(vfprintf_std.o)
                              c:/program files/atmel/avr studio 5.1/extensions/atmel/avrgcc/3.3.1.27/avrtoolchain/bin/../lib/gcc/avr/4.5.1/../../../../avr/lib/avr5\libc.a(sprintf.o) (vfprintf)
c:/program files/atmel/avr studio 5.1/extensions/atmel/avrgcc/3.3.1.27/avrtoolchain/bin/../lib/gcc/avr/4.5.1/../../../../avr/lib/avr5\libc.a(eerd_byte_atmega16.o)
                              main.o (__eerd_byte_m16)
c:/program files/atmel/avr studio 5.1/extensions/atmel/avrgcc/3.3.1.27/avrtoolchain/bin/../lib/gcc/avr/4.5.1/../../../../avr/lib/avr5\libc.a(eerd_dword_atmega16.o)
                              main.o (__eerd_dword_m16)
c:/program files/atmel/avr studio 5.1/extensions/atmel/avrgcc/3.3.1.27/avrtoolchain/bin/../lib/gcc/avr/4.5.1/../../../../avr/lib/avr5\libc.a(eewr_byte_atmega16.o)
                              main.o (__eewr_byte_m16)
c:/program files/atmel/avr studio 5.1/extensions/atmel/avrgcc/3.3.1.27/avrtoolchain/bin/../lib/gcc/avr/4.5.1/../../../../avr/lib/avr5\libc.a(eewr_dword_atmega16.o)
                              main.o (__eewr_dword_m16)
c:/program files/atmel/avr studio 5.1/extensions/atmel/avrgcc/3.3.1.27/avrtoolchain/bin/../lib/gcc/avr/4.5.1/../../../../avr/lib/avr5\libc.a(eewr_word_atmega16.o)
                              c:/program files/atmel/avr studio 5.1/extensions/atmel/avrgcc/3.3.1.27/avrtoolchain/bin/../lib/gcc/avr/4.5.1/../../../../avr/lib/avr5\libc.a(eewr_dword_atmega16.o) (__eewr_word_m16)
c:/program files/atmel/avr studio 5.1/extensions/atmel/avrgcc/3.3.1.27/avrtoolchain/bin/../lib/gcc/avr/4.5.1/../../../../avr/lib/avr5\libc.a(strnlen_P.o)
                              c:/program files/atmel/avr studio 5.1/extensions/atmel/avrgcc/3.3.1.27/avrtoolchain/bin/../lib/gcc/avr/4.5.1/../../../../avr/lib/avr5\libc.a(vfprintf_std.o) (strnlen_P)
c:/program files/atmel/avr studio 5.1/extensions/atmel/avrgcc/3.3.1.27/avrtoolchain/bin/../lib/gcc/avr/4.5.1/../../../../avr/lib/avr5\libc.a(strnlen.o)
                              c:/program files/atmel/avr studio 5.1/extensions/atmel/avrgcc/3.3.1.27/avrtoolchain/bin/../lib/gcc/avr/4.5.1/../../../../avr/lib/avr5\libc.a(vfprintf_std.o) (strnlen)
c:/program files/atmel/avr studio 5.1/extensions/atmel/avrgcc/3.3.1.27/avrtoolchain/bin/../lib/gcc/avr/4.5.1/../../../../avr/lib/avr5\libc.a(strrev.o)
                              c:/program files/atmel/avr studio 5.1/extensions/atmel/avrgcc/3.3.1.27/avrtoolchain/bin/../lib/gcc/avr/4.5.1/../../../../avr/lib/avr5\libc.a(ltoa.o) (strrev)
c:/program files/atmel/avr studio 5.1/extensions/atmel/avrgcc/3.3.1.27/avrtoolchain/bin/../lib/gcc/avr/4.5.1/../../../../avr/lib/avr5\libc.a(fputc.o)
                              c:/program files/atmel/avr studio 5.1/extensions/atmel/avrgcc/3.3.1.27/avrtoolchain/bin/../lib/gcc/avr/4.5.1/../../../../avr/lib/avr5\libc.a(vfprintf_std.o) (fputc)
c:/program files/atmel/avr studio 5.1/extensions/atmel/avrgcc/3.3.1.27/avrtoolchain/bin/../lib/gcc/avr/4.5.1/../../../../avr/lib/avr5\libc.a(ultoa_invert.o)
                              c:/program files/atmel/avr studio 5.1/extensions/atmel/avrgcc/3.3.1.27/avrtoolchain/bin/../lib/gcc/avr/4.5.1/../../../../avr/lib/avr5\libc.a(vfprintf_std.o) (__ultoa_invert)
c:/program files/atmel/avr studio 5.1/extensions/atmel/avrgcc/3.3.1.27/avrtoolchain/bin/../lib/gcc/avr/4.5.1/../../../../avr/lib/avr5\libc.a(eerd_block_atmega16.o)
                              c:/program files/atmel/avr studio 5.1/extensions/atmel/avrgcc/3.3.1.27/avrtoolchain/bin/../lib/gcc/avr/4.5.1/../../../../avr/lib/avr5\libc.a(eerd_dword_atmega16.o) (__eerd_blraw_m16)
c:/program files/atmel/avr studio 5.1/extensions/atmel/avrgcc/3.3.1.27/avrtoolchain/bin/../lib/gcc/avr/4.5.1/avr5\libgcc.a(_prologue.o)
                              c:/program files/atmel/avr studio 5.1/extensions/atmel/avrgcc/3.3.1.27/avrtoolchain/bin/../lib/gcc/avr/4.5.1/../../../../avr/lib/avr5\libc.a(sprintf.o) (__prologue_saves__)
c:/program files/atmel/avr studio 5.1/extensions/atmel/avrgcc/3.3.1.27/avrtoolchain/bin/../lib/gcc/avr/4.5.1/avr5\libgcc.a(_epilogue.o)
                              c:/program files/atmel/avr studio 5.1/extensions/atmel/avrgcc/3.3.1.27/avrtoolchain/bin/../lib/gcc/avr/4.5.1/../../../../avr/lib/avr5\libc.a(sprintf.o) (__epilogue_restores__)

Allocating common symbols
Common symbol       size              file

rtc_reg             0x7               rtc.o
time                0xf               rtc.o
date                0xf               rtc.o

Memory Configuration

Name             Origin             Length             Attributes
text             0x00000000         0x00020000         xr
data             0x00800060         0x0000ffa0         rw !x
eeprom           0x00810000         0x00010000         rw !x
fuse             0x00820000         0x00000400         rw !x
lock             0x00830000         0x00000400         rw !x
signature        0x00840000         0x00000400         rw !x
*default*        0x00000000         0xffffffff

Linker script and memory map

LOAD c:/program files/atmel/avr studio 5.1/extensions/atmel/avrgcc/3.3.1.27/avrtoolchain/bin/../lib/gcc/avr/4.5.1/../../../../avr/lib/avr5/crtm16.o
LOAD i2c.o
LOAD lcd.o
LOAD main.o
LOAD rtc.o
LOAD c:/program files/atmel/avr studio 5.1/extensions/atmel/avrgcc/3.3.1.27/avrtoolchain/bin/../lib/gcc/avr/4.5.1/../../../../avr/lib/avr5\libm.a
LOAD c:/program files/atmel/avr studio 5.1/extensions/atmel/avrgcc/3.3.1.27/avrtoolchain/bin/../lib/gcc/avr/4.5.1/avr5\libgcc.a
LOAD c:/program files/atmel/avr studio 5.1/extensions/atmel/avrgcc/3.3.1.27/avrtoolchain/bin/../lib/gcc/avr/4.5.1/../../../../avr/lib/avr5\libc.a
LOAD c:/program files/atmel/avr studio 5.1/extensions/atmel/avrgcc/3.3.1.27/avrtoolchain/bin/../lib/gcc/avr/4.5.1/avr5\libgcc.a

.hash
 *(.hash)

.dynsym
 *(.dynsym)

.dynstr
 *(.dynstr)

.gnu.version
 *(.gnu.version)

.gnu.version_d
 *(.gnu.version_d)

.gnu.version_r
 *(.gnu.version_r)

.rel.init
 *(.rel.init)

.rela.init
 *(.rela.init)

.rel.text
 *(.rel.text)
 *(.rel.text.*)
 *(.rel.gnu.linkonce.t*)

.rela.text
 *(.rela.text)
 *(.rela.text.*)
 *(.rela.gnu.linkonce.t*)

.rel.fini
 *(.rel.fini)

.rela.fini
 *(.rela.fini)

.rel.rodata
 *(.rel.rodata)
 *(.rel.rodata.*)
 *(.rel.gnu.linkonce.r*)

.rela.rodata
 *(.rela.rodata)
 *(.rela.rodata.*)
 *(.rela.gnu.linkonce.r*)

.rel.data
 *(.rel.data)
 *(.rel.data.*)
 *(.rel.gnu.linkonce.d*)

.rela.data
 *(.rela.data)
 *(.rela.data.*)
 *(.rela.gnu.linkonce.d*)

.rel.ctors
 *(.rel.ctors)

.rela.ctors
 *(.rela.ctors)

.rel.dtors
 *(.rel.dtors)

.rela.dtors
 *(.rela.dtors)

.rel.got
 *(.rel.got)

.rela.got
 *(.rela.got)

.rel.bss
 *(.rel.bss)

.rela.bss
 *(.rela.bss)

.rel.plt
 *(.rel.plt)

.rela.plt
 *(.rela.plt)

.text           0x00000000     0x16b4
 *(.vectors)
 .vectors       0x00000000       0x54 c:/program files/atmel/avr studio 5.1/extensions/atmel/avrgcc/3.3.1.27/avrtoolchain/bin/../lib/gcc/avr/4.5.1/../../../../avr/lib/avr5/crtm16.o
                0x00000000                __vector_default
                0x00000000                __vectors
 *(.vectors)
 *(.progmem.gcc*)
 *(.progmem*)
                0x00000054                . = ALIGN (0x2)
                0x00000054                __trampolines_start = .
 *(.trampolines)
 .trampolines   0x00000054        0x0 linker stubs
 *(.trampolines*)
                0x00000054                __trampolines_end = .
 *(.jumptables)
 *(.jumptables*)
 *(.lowtext)
 *(.lowtext*)
                0x00000054                __ctors_start = .
 *(.ctors)
                0x00000054                __ctors_end = .
                0x00000054                __dtors_start = .
 *(.dtors)
                0x00000054                __dtors_end = .
 SORT(*)(.ctors)
 SORT(*)(.dtors)
 *(.init0)
 .init0         0x00000054        0x0 c:/program files/atmel/avr studio 5.1/extensions/atmel/avrgcc/3.3.1.27/avrtoolchain/bin/../lib/gcc/avr/4.5.1/../../../../avr/lib/avr5/crtm16.o
                0x00000054                __init
 *(.init0)
 *(.init1)
 *(.init1)
 *(.init2)
 .init2         0x00000054        0xc c:/program files/atmel/avr studio 5.1/extensions/atmel/avrgcc/3.3.1.27/avrtoolchain/bin/../lib/gcc/avr/4.5.1/../../../../avr/lib/avr5/crtm16.o
 *(.init2)
 *(.init3)
 *(.init3)
 *(.init4)
 .init4         0x00000060       0x16 c:/program files/atmel/avr studio 5.1/extensions/atmel/avrgcc/3.3.1.27/avrtoolchain/bin/../lib/gcc/avr/4.5.1/avr5\libgcc.a(_copy_data.o)
                0x00000060                __do_copy_data
 .init4         0x00000076       0x10 c:/program files/atmel/avr studio 5.1/extensions/atmel/avrgcc/3.3.1.27/avrtoolchain/bin/../lib/gcc/avr/4.5.1/avr5\libgcc.a(_clear_bss.o)
                0x00000076                __do_clear_bss
 *(.init4)
 *(.init5)
 *(.init5)
 *(.init6)
 *(.init6)
 *(.init7)
 *(.init7)
 *(.init8)
 *(.init8)
 *(.init9)
 .init9         0x00000086        0x8 c:/program files/atmel/avr studio 5.1/extensions/atmel/avrgcc/3.3.1.27/avrtoolchain/bin/../lib/gcc/avr/4.5.1/../../../../avr/lib/avr5/crtm16.o
 *(.init9)
 *(.text)
 .text          0x0000008e        0x4 c:/program files/atmel/avr studio 5.1/extensions/atmel/avrgcc/3.3.1.27/avrtoolchain/bin/../lib/gcc/avr/4.5.1/../../../../avr/lib/avr5/crtm16.o
                0x0000008e                __vector_1
                0x0000008e                __vector_12
                0x0000008e                __bad_interrupt
                0x0000008e                __vector_6
                0x0000008e                __vector_3
                0x0000008e                __vector_11
                0x0000008e                __vector_13
                0x0000008e                __vector_17
                0x0000008e                __vector_19
                0x0000008e                __vector_7
                0x0000008e                __vector_5
                0x0000008e                __vector_4
                0x0000008e                __vector_9
                0x0000008e                __vector_2
                0x0000008e                __vector_15
                0x0000008e                __vector_8
                0x0000008e                __vector_14
                0x0000008e                __vector_10
                0x0000008e                __vector_16
                0x0000008e                __vector_18
                0x0000008e                __vector_20
 .text          0x00000092       0xbc i2c.o
                0x00000092                i2c_init
                0x0000009a                i2c_start
                0x000000b6                i2c_repeatStart
                0x000000ce                i2c_sendAddress
                0x000000fa                i2c_sendData
                0x00000114                i2c_receiveData_ACK
                0x0000012e                i2c_receiveData_NACK
                0x00000148                i2c_stop
 .text          0x0000014e      0x19a lcd.o
                0x0000014e                lcd_cmd
                0x0000018a                lcd_init
                0x000001e6                lcd_clr
                0x000001fa                lcd_write
                0x00000236                lcd_write_str
                0x00000282                lcd_write_int
                0x000002c0                LCDGotoXY
 .text          0x000002e8      0x7bc main.o
                0x000002e8                clear_ON_TIME
                0x000002f8                temp_func
                0x00000304                calculate_next_ON_OFF_time
                0x000003e4                int_to_time_format
                0x0000053a                main
 .text          0x00000aa4      0x414 rtc.o
                0x00000aa4                rtc_read
                0x00000b46                rtc_set_registers
                0x00000c06                rtc_get_date
                0x00000c92                rtc_get_time
                0x00000d14                rtc_write_time
                0x00000d82                rtc_write_date
                0x00000df0                rtc_set_time
                0x00000e48                rtc_set_date
                0x00000ea6                rtc_init
 .text          0x00000eb8        0x0 c:/program files/atmel/avr studio 5.1/extensions/atmel/avrgcc/3.3.1.27/avrtoolchain/bin/../lib/gcc/avr/4.5.1/avr5\libgcc.a(_mulsi3.o)
 .text          0x00000eb8        0x0 c:/program files/atmel/avr studio 5.1/extensions/atmel/avrgcc/3.3.1.27/avrtoolchain/bin/../lib/gcc/avr/4.5.1/avr5\libgcc.a(_divmodsi4.o)
 .text          0x00000eb8        0x0 c:/program files/atmel/avr studio 5.1/extensions/atmel/avrgcc/3.3.1.27/avrtoolchain/bin/../lib/gcc/avr/4.5.1/avr5\libgcc.a(_exit.o)
 .text          0x00000eb8        0x0 c:/program files/atmel/avr studio 5.1/extensions/atmel/avrgcc/3.3.1.27/avrtoolchain/bin/../lib/gcc/avr/4.5.1/avr5\libgcc.a(_copy_data.o)
 .text          0x00000eb8        0x0 c:/program files/atmel/avr studio 5.1/extensions/atmel/avrgcc/3.3.1.27/avrtoolchain/bin/../lib/gcc/avr/4.5.1/avr5\libgcc.a(_clear_bss.o)
 .text          0x00000eb8        0x0 c:/program files/atmel/avr studio 5.1/extensions/atmel/avrgcc/3.3.1.27/avrtoolchain/bin/../lib/gcc/avr/4.5.1/avr5\libgcc.a(_udivmodsi4.o)
 .text          0x00000eb8        0x0 c:/program files/atmel/avr studio 5.1/extensions/atmel/avrgcc/3.3.1.27/avrtoolchain/bin/../lib/gcc/avr/4.5.1/../../../../avr/lib/avr5\libc.a(atol.o)
 .text          0x00000eb8        0x0 c:/program files/atmel/avr studio 5.1/extensions/atmel/avrgcc/3.3.1.27/avrtoolchain/bin/../lib/gcc/avr/4.5.1/../../../../avr/lib/avr5\libc.a(strcpy.o)
 .text          0x00000eb8        0x0 c:/program files/atmel/avr studio 5.1/extensions/atmel/avrgcc/3.3.1.27/avrtoolchain/bin/../lib/gcc/avr/4.5.1/../../../../avr/lib/avr5\libc.a(ltoa.o)
 .text          0x00000eb8        0x0 c:/program files/atmel/avr studio 5.1/extensions/atmel/avrgcc/3.3.1.27/avrtoolchain/bin/../lib/gcc/avr/4.5.1/../../../../avr/lib/avr5\libc.a(mulsi10.o)
 .text          0x00000eb8        0x0 c:/program files/atmel/avr studio 5.1/extensions/atmel/avrgcc/3.3.1.27/avrtoolchain/bin/../lib/gcc/avr/4.5.1/../../../../avr/lib/avr5\libc.a(sprintf.o)
 .text          0x00000eb8        0x0 c:/program files/atmel/avr studio 5.1/extensions/atmel/avrgcc/3.3.1.27/avrtoolchain/bin/../lib/gcc/avr/4.5.1/../../../../avr/lib/avr5\libc.a(vfprintf_std.o)
 .text          0x00000eb8        0x0 c:/program files/atmel/avr studio 5.1/extensions/atmel/avrgcc/3.3.1.27/avrtoolchain/bin/../lib/gcc/avr/4.5.1/../../../../avr/lib/avr5\libc.a(eerd_byte_atmega16.o)
 .text          0x00000eb8        0x0 c:/program files/atmel/avr studio 5.1/extensions/atmel/avrgcc/3.3.1.27/avrtoolchain/bin/../lib/gcc/avr/4.5.1/../../../../avr/lib/avr5\libc.a(eerd_dword_atmega16.o)
 .text          0x00000eb8        0x0 c:/program files/atmel/avr studio 5.1/extensions/atmel/avrgcc/3.3.1.27/avrtoolchain/bin/../lib/gcc/avr/4.5.1/../../../../avr/lib/avr5\libc.a(eewr_byte_atmega16.o)
 .text          0x00000eb8        0x0 c:/program files/atmel/avr studio 5.1/extensions/atmel/avrgcc/3.3.1.27/avrtoolchain/bin/../lib/gcc/avr/4.5.1/../../../../avr/lib/avr5\libc.a(eewr_dword_atmega16.o)
 .text          0x00000eb8        0x0 c:/program files/atmel/avr studio 5.1/extensions/atmel/avrgcc/3.3.1.27/avrtoolchain/bin/../lib/gcc/avr/4.5.1/../../../../avr/lib/avr5\libc.a(eewr_word_atmega16.o)
 .text          0x00000eb8        0x0 c:/program files/atmel/avr studio 5.1/extensions/atmel/avrgcc/3.3.1.27/avrtoolchain/bin/../lib/gcc/avr/4.5.1/../../../../avr/lib/avr5\libc.a(strnlen_P.o)
 .text          0x00000eb8        0x0 c:/program files/atmel/avr studio 5.1/extensions/atmel/avrgcc/3.3.1.27/avrtoolchain/bin/../lib/gcc/avr/4.5.1/../../../../avr/lib/avr5\libc.a(strnlen.o)
 .text          0x00000eb8        0x0 c:/program files/atmel/avr studio 5.1/extensions/atmel/avrgcc/3.3.1.27/avrtoolchain/bin/../lib/gcc/avr/4.5.1/../../../../avr/lib/avr5\libc.a(strrev.o)
 .text          0x00000eb8        0x0 c:/program files/atmel/avr studio 5.1/extensions/atmel/avrgcc/3.3.1.27/avrtoolchain/bin/../lib/gcc/avr/4.5.1/../../../../avr/lib/avr5\libc.a(fputc.o)
 .text          0x00000eb8        0x0 c:/program files/atmel/avr studio 5.1/extensions/atmel/avrgcc/3.3.1.27/avrtoolchain/bin/../lib/gcc/avr/4.5.1/../../../../avr/lib/avr5\libc.a(ultoa_invert.o)
 .text          0x00000eb8        0x0 c:/program files/atmel/avr studio 5.1/extensions/atmel/avrgcc/3.3.1.27/avrtoolchain/bin/../lib/gcc/avr/4.5.1/../../../../avr/lib/avr5\libc.a(eerd_block_atmega16.o)
 .text          0x00000eb8        0x0 c:/program files/atmel/avr studio 5.1/extensions/atmel/avrgcc/3.3.1.27/avrtoolchain/bin/../lib/gcc/avr/4.5.1/avr5\libgcc.a(_prologue.o)
 .text          0x00000eb8        0x0 c:/program files/atmel/avr studio 5.1/extensions/atmel/avrgcc/3.3.1.27/avrtoolchain/bin/../lib/gcc/avr/4.5.1/avr5\libgcc.a(_epilogue.o)
                0x00000eb8                . = ALIGN (0x2)
 *(.text.*)
 .text.libgcc   0x00000eb8       0x3e c:/program files/atmel/avr studio 5.1/extensions/atmel/avrgcc/3.3.1.27/avrtoolchain/bin/../lib/gcc/avr/4.5.1/avr5\libgcc.a(_mulsi3.o)
                0x00000eb8                __mulsi3
 .text.libgcc   0x00000ef6       0x36 c:/program files/atmel/avr studio 5.1/extensions/atmel/avrgcc/3.3.1.27/avrtoolchain/bin/../lib/gcc/avr/4.5.1/avr5\libgcc.a(_divmodsi4.o)
                0x00000ef6                __divmodsi4
 .text.libgcc   0x00000f2c        0x0 c:/program files/atmel/avr studio 5.1/extensions/atmel/avrgcc/3.3.1.27/avrtoolchain/bin/../lib/gcc/avr/4.5.1/avr5\libgcc.a(_exit.o)
 .text.libgcc   0x00000f2c        0x0 c:/program files/atmel/avr studio 5.1/extensions/atmel/avrgcc/3.3.1.27/avrtoolchain/bin/../lib/gcc/avr/4.5.1/avr5\libgcc.a(_copy_data.o)
 .text.libgcc   0x00000f2c        0x0 c:/program files/atmel/avr studio 5.1/extensions/atmel/avrgcc/3.3.1.27/avrtoolchain/bin/../lib/gcc/avr/4.5.1/avr5\libgcc.a(_clear_bss.o)
 .text.libgcc   0x00000f2c       0x44 c:/program files/atmel/avr studio 5.1/extensions/atmel/avrgcc/3.3.1.27/avrtoolchain/bin/../lib/gcc/avr/4.5.1/avr5\libgcc.a(_udivmodsi4.o)
                0x00000f2c                __udivmodsi4
 .text.avr-libc
                0x00000f70       0x4e c:/program files/atmel/avr studio 5.1/extensions/atmel/avrgcc/3.3.1.27/avrtoolchain/bin/../lib/gcc/avr/4.5.1/../../../../avr/lib/avr5\libc.a(atol.o)
                0x00000f70                atol
 .text.avr-libc
                0x00000fbe        0xe c:/program files/atmel/avr studio 5.1/extensions/atmel/avrgcc/3.3.1.27/avrtoolchain/bin/../lib/gcc/avr/4.5.1/../../../../avr/lib/avr5\libc.a(strcpy.o)
                0x00000fbe                strcpy
 .text.avr-libc
                0x00000fcc       0x68 c:/program files/atmel/avr studio 5.1/extensions/atmel/avrgcc/3.3.1.27/avrtoolchain/bin/../lib/gcc/avr/4.5.1/../../../../avr/lib/avr5\libc.a(ltoa.o)
                0x00000fcc                ltoa
 .text.avr-libc
                0x00001034       0x2a c:/program files/atmel/avr studio 5.1/extensions/atmel/avrgcc/3.3.1.27/avrtoolchain/bin/../lib/gcc/avr/4.5.1/../../../../avr/lib/avr5\libc.a(mulsi10.o)
                0x00001034                __mulsi_const_10
 .text.avr-libc
                0x0000105e       0x46 c:/program files/atmel/avr studio 5.1/extensions/atmel/avrgcc/3.3.1.27/avrtoolchain/bin/../lib/gcc/avr/4.5.1/../../../../avr/lib/avr5\libc.a(sprintf.o)
                0x0000105e                sprintf
 .text.avr-libc
                0x000010a4      0x3ce c:/program files/atmel/avr studio 5.1/extensions/atmel/avrgcc/3.3.1.27/avrtoolchain/bin/../lib/gcc/avr/4.5.1/../../../../avr/lib/avr5\libc.a(vfprintf_std.o)
                0x000010a4                vfprintf
 .text.avr-libc
                0x00001472       0x10 c:/program files/atmel/avr studio 5.1/extensions/atmel/avrgcc/3.3.1.27/avrtoolchain/bin/../lib/gcc/avr/4.5.1/../../../../avr/lib/avr5\libc.a(eerd_byte_atmega16.o)
                0x00001472                __eerd_byte_m16
 .text.avr-libc
                0x00001482        0xc c:/program files/atmel/avr studio 5.1/extensions/atmel/avrgcc/3.3.1.27/avrtoolchain/bin/../lib/gcc/avr/4.5.1/../../../../avr/lib/avr5\libc.a(eerd_dword_atmega16.o)
                0x00001482                __eerd_float_m16
                0x00001482                __eerd_dword_m16
 .text.avr-libc
                0x0000148e       0x1a c:/program files/atmel/avr studio 5.1/extensions/atmel/avrgcc/3.3.1.27/avrtoolchain/bin/../lib/gcc/avr/4.5.1/../../../../avr/lib/avr5\libc.a(eewr_byte_atmega16.o)
                0x0000148e                __eewr_byte_m16
                0x00001490                __eewr_r18_m16
 .text.avr-libc
                0x000014a8       0x10 c:/program files/atmel/avr studio 5.1/extensions/atmel/avrgcc/3.3.1.27/avrtoolchain/bin/../lib/gcc/avr/4.5.1/../../../../avr/lib/avr5\libc.a(eewr_dword_atmega16.o)
                0x000014a8                __eewr_float_m16
                0x000014a8                __eewr_dword_m16
 .text.avr-libc
                0x000014b8        0xa c:/program files/atmel/avr studio 5.1/extensions/atmel/avrgcc/3.3.1.27/avrtoolchain/bin/../lib/gcc/avr/4.5.1/../../../../avr/lib/avr5\libc.a(eewr_word_atmega16.o)
                0x000014b8                __eewr_word_m16
 .text.avr-libc
                0x000014c2       0x16 c:/program files/atmel/avr studio 5.1/extensions/atmel/avrgcc/3.3.1.27/avrtoolchain/bin/../lib/gcc/avr/4.5.1/../../../../avr/lib/avr5\libc.a(strnlen_P.o)
                0x000014c2                strnlen_P
 .text.avr-libc
                0x000014d8       0x16 c:/program files/atmel/avr studio 5.1/extensions/atmel/avrgcc/3.3.1.27/avrtoolchain/bin/../lib/gcc/avr/4.5.1/../../../../avr/lib/avr5\libc.a(strnlen.o)
                0x000014d8                strnlen
 .text.avr-libc
                0x000014ee       0x20 c:/program files/atmel/avr studio 5.1/extensions/atmel/avrgcc/3.3.1.27/avrtoolchain/bin/../lib/gcc/avr/4.5.1/../../../../avr/lib/avr5\libc.a(strrev.o)
                0x000014ee                strrev
 .text.avr-libc
                0x0000150e       0x58 c:/program files/atmel/avr studio 5.1/extensions/atmel/avrgcc/3.3.1.27/avrtoolchain/bin/../lib/gcc/avr/4.5.1/../../../../avr/lib/avr5\libc.a(fputc.o)
                0x0000150e                fputc
 .text.avr-libc
                0x00001566       0xbc c:/program files/atmel/avr studio 5.1/extensions/atmel/avrgcc/3.3.1.27/avrtoolchain/bin/../lib/gcc/avr/4.5.1/../../../../avr/lib/avr5\libc.a(ultoa_invert.o)
                0x00001566                __ultoa_invert
 .text.avr-libc
                0x00001622       0x20 c:/program files/atmel/avr studio 5.1/extensions/atmel/avrgcc/3.3.1.27/avrtoolchain/bin/../lib/gcc/avr/4.5.1/../../../../avr/lib/avr5\libc.a(eerd_block_atmega16.o)
                0x00001622                __eerd_block_m16
                0x00001626                __eerd_blraw_m16
 .text.libgcc   0x00001642       0x38 c:/program files/atmel/avr studio 5.1/extensions/atmel/avrgcc/3.3.1.27/avrtoolchain/bin/../lib/gcc/avr/4.5.1/avr5\libgcc.a(_prologue.o)
                0x00001642                __prologue_saves__
 .text.libgcc   0x0000167a       0x36 c:/program files/atmel/avr studio 5.1/extensions/atmel/avrgcc/3.3.1.27/avrtoolchain/bin/../lib/gcc/avr/4.5.1/avr5\libgcc.a(_epilogue.o)
                0x0000167a                __epilogue_restores__
                0x000016b0                . = ALIGN (0x2)
 *(.fini9)
 .fini9         0x000016b0        0x0 c:/program files/atmel/avr studio 5.1/extensions/atmel/avrgcc/3.3.1.27/avrtoolchain/bin/../lib/gcc/avr/4.5.1/avr5\libgcc.a(_exit.o)
                0x000016b0                _exit
                0x000016b0                exit
 *(.fini9)
 *(.fini8)
 *(.fini8)
 *(.fini7)
 *(.fini7)
 *(.fini6)
 *(.fini6)
 *(.fini5)
 *(.fini5)
 *(.fini4)
 *(.fini4)
 *(.fini3)
 *(.fini3)
 *(.fini2)
 *(.fini2)
 *(.fini1)
 *(.fini1)
 *(.fini0)
 .fini0         0x000016b0        0x4 c:/program files/atmel/avr studio 5.1/extensions/atmel/avrgcc/3.3.1.27/avrtoolchain/bin/../lib/gcc/avr/4.5.1/avr5\libgcc.a(_exit.o)
 *(.fini0)
                0x000016b4                _etext = .

.data           0x00800060       0x9e load address 0x000016b4
                0x00800060                PROVIDE (__data_start, .)
 *(.data)
 .data          0x00800060        0x0 c:/program files/atmel/avr studio 5.1/extensions/atmel/avrgcc/3.3.1.27/avrtoolchain/bin/../lib/gcc/avr/4.5.1/../../../../avr/lib/avr5/crtm16.o
 .data          0x00800060        0x0 i2c.o
 .data          0x00800060        0x0 lcd.o
 .data          0x00800060       0x83 main.o
 .data          0x008000e3       0x1a rtc.o
 .data          0x008000fd        0x0 c:/program files/atmel/avr studio 5.1/extensions/atmel/avrgcc/3.3.1.27/avrtoolchain/bin/../lib/gcc/avr/4.5.1/avr5\libgcc.a(_mulsi3.o)
 .data          0x008000fd        0x0 c:/program files/atmel/avr studio 5.1/extensions/atmel/avrgcc/3.3.1.27/avrtoolchain/bin/../lib/gcc/avr/4.5.1/avr5\libgcc.a(_divmodsi4.o)
 .data          0x008000fd        0x0 c:/program files/atmel/avr studio 5.1/extensions/atmel/avrgcc/3.3.1.27/avrtoolchain/bin/../lib/gcc/avr/4.5.1/avr5\libgcc.a(_exit.o)
 .data          0x008000fd        0x0 c:/program files/atmel/avr studio 5.1/extensions/atmel/avrgcc/3.3.1.27/avrtoolchain/bin/../lib/gcc/avr/4.5.1/avr5\libgcc.a(_copy_data.o)
 .data          0x008000fd        0x0 c:/program files/atmel/avr studio 5.1/extensions/atmel/avrgcc/3.3.1.27/avrtoolchain/bin/../lib/gcc/avr/4.5.1/avr5\libgcc.a(_clear_bss.o)
 .data          0x008000fd        0x0 c:/program files/atmel/avr studio 5.1/extensions/atmel/avrgcc/3.3.1.27/avrtoolchain/bin/../lib/gcc/avr/4.5.1/avr5\libgcc.a(_udivmodsi4.o)
 .data          0x008000fd        0x0 c:/program files/atmel/avr studio 5.1/extensions/atmel/avrgcc/3.3.1.27/avrtoolchain/bin/../lib/gcc/avr/4.5.1/../../../../avr/lib/avr5\libc.a(atol.o)
 .data          0x008000fd        0x0 c:/program files/atmel/avr studio 5.1/extensions/atmel/avrgcc/3.3.1.27/avrtoolchain/bin/../lib/gcc/avr/4.5.1/../../../../avr/lib/avr5\libc.a(strcpy.o)
 .data          0x008000fd        0x0 c:/program files/atmel/avr studio 5.1/extensions/atmel/avrgcc/3.3.1.27/avrtoolchain/bin/../lib/gcc/avr/4.5.1/../../../../avr/lib/avr5\libc.a(ltoa.o)
 .data          0x008000fd        0x0 c:/program files/atmel/avr studio 5.1/extensions/atmel/avrgcc/3.3.1.27/avrtoolchain/bin/../lib/gcc/avr/4.5.1/../../../../avr/lib/avr5\libc.a(mulsi10.o)
 .data          0x008000fd        0x0 c:/program files/atmel/avr studio 5.1/extensions/atmel/avrgcc/3.3.1.27/avrtoolchain/bin/../lib/gcc/avr/4.5.1/../../../../avr/lib/avr5\libc.a(sprintf.o)
 .data          0x008000fd        0x0 c:/program files/atmel/avr studio 5.1/extensions/atmel/avrgcc/3.3.1.27/avrtoolchain/bin/../lib/gcc/avr/4.5.1/../../../../avr/lib/avr5\libc.a(vfprintf_std.o)
 .data          0x008000fd        0x0 c:/program files/atmel/avr studio 5.1/extensions/atmel/avrgcc/3.3.1.27/avrtoolchain/bin/../lib/gcc/avr/4.5.1/../../../../avr/lib/avr5\libc.a(eerd_byte_atmega16.o)
 .data          0x008000fd        0x0 c:/program files/atmel/avr studio 5.1/extensions/atmel/avrgcc/3.3.1.27/avrtoolchain/bin/../lib/gcc/avr/4.5.1/../../../../avr/lib/avr5\libc.a(eerd_dword_atmega16.o)
 .data          0x008000fd        0x0 c:/program files/atmel/avr studio 5.1/extensions/atmel/avrgcc/3.3.1.27/avrtoolchain/bin/../lib/gcc/avr/4.5.1/../../../../avr/lib/avr5\libc.a(eewr_byte_atmega16.o)
 .data          0x008000fd        0x0 c:/program files/atmel/avr studio 5.1/extensions/atmel/avrgcc/3.3.1.27/avrtoolchain/bin/../lib/gcc/avr/4.5.1/../../../../avr/lib/avr5\libc.a(eewr_dword_atmega16.o)
 .data          0x008000fd        0x0 c:/program files/atmel/avr studio 5.1/extensions/atmel/avrgcc/3.3.1.27/avrtoolchain/bin/../lib/gcc/avr/4.5.1/../../../../avr/lib/avr5\libc.a(eewr_word_atmega16.o)
 .data          0x008000fd        0x0 c:/program files/atmel/avr studio 5.1/extensions/atmel/avrgcc/3.3.1.27/avrtoolchain/bin/../lib/gcc/avr/4.5.1/../../../../avr/lib/avr5\libc.a(strnlen_P.o)
 .data          0x008000fd        0x0 c:/program files/atmel/avr studio 5.1/extensions/atmel/avrgcc/3.3.1.27/avrtoolchain/bin/../lib/gcc/avr/4.5.1/../../../../avr/lib/avr5\libc.a(strnlen.o)
 .data          0x008000fd        0x0 c:/program files/atmel/avr studio 5.1/extensions/atmel/avrgcc/3.3.1.27/avrtoolchain/bin/../lib/gcc/avr/4.5.1/../../../../avr/lib/avr5\libc.a(strrev.o)
 .data          0x008000fd        0x0 c:/program files/atmel/avr studio 5.1/extensions/atmel/avrgcc/3.3.1.27/avrtoolchain/bin/../lib/gcc/avr/4.5.1/../../../../avr/lib/avr5\libc.a(fputc.o)
 .data          0x008000fd        0x0 c:/program files/atmel/avr studio 5.1/extensions/atmel/avrgcc/3.3.1.27/avrtoolchain/bin/../lib/gcc/avr/4.5.1/../../../../avr/lib/avr5\libc.a(ultoa_invert.o)
 .data          0x008000fd        0x0 c:/program files/atmel/avr studio 5.1/extensions/atmel/avrgcc/3.3.1.27/avrtoolchain/bin/../lib/gcc/avr/4.5.1/../../../../avr/lib/avr5\libc.a(eerd_block_atmega16.o)
 .data          0x008000fd        0x0 c:/program files/atmel/avr studio 5.1/extensions/atmel/avrgcc/3.3.1.27/avrtoolchain/bin/../lib/gcc/avr/4.5.1/avr5\libgcc.a(_prologue.o)
 .data          0x008000fd        0x0 c:/program files/atmel/avr studio 5.1/extensions/atmel/avrgcc/3.3.1.27/avrtoolchain/bin/../lib/gcc/avr/4.5.1/avr5\libgcc.a(_epilogue.o)
 *(.data*)
 *(.rodata)
 *(.rodata*)
 *(.gnu.linkonce.d*)
                0x008000fe                . = ALIGN (0x2)
 *fill*         0x008000fd        0x1 00
                0x008000fe                _edata = .
                0x008000fe                PROVIDE (__data_end, .)

.bss            0x008000fe       0x25
                0x008000fe                PROVIDE (__bss_start, .)
 *(.bss)
 .bss           0x008000fe        0x0 c:/program files/atmel/avr studio 5.1/extensions/atmel/avrgcc/3.3.1.27/avrtoolchain/bin/../lib/gcc/avr/4.5.1/../../../../avr/lib/avr5/crtm16.o
 .bss           0x008000fe        0x0 i2c.o
 .bss           0x008000fe        0x0 lcd.o
 .bss           0x008000fe        0x0 main.o
 .bss           0x008000fe        0x0 rtc.o
 .bss           0x008000fe        0x0 c:/program files/atmel/avr studio 5.1/extensions/atmel/avrgcc/3.3.1.27/avrtoolchain/bin/../lib/gcc/avr/4.5.1/avr5\libgcc.a(_mulsi3.o)
 .bss           0x008000fe        0x0 c:/program files/atmel/avr studio 5.1/extensions/atmel/avrgcc/3.3.1.27/avrtoolchain/bin/../lib/gcc/avr/4.5.1/avr5\libgcc.a(_divmodsi4.o)
 .bss           0x008000fe        0x0 c:/program files/atmel/avr studio 5.1/extensions/atmel/avrgcc/3.3.1.27/avrtoolchain/bin/../lib/gcc/avr/4.5.1/avr5\libgcc.a(_exit.o)
 .bss           0x008000fe        0x0 c:/program files/atmel/avr studio 5.1/extensions/atmel/avrgcc/3.3.1.27/avrtoolchain/bin/../lib/gcc/avr/4.5.1/avr5\libgcc.a(_copy_data.o)
 .bss           0x008000fe        0x0 c:/program files/atmel/avr studio 5.1/extensions/atmel/avrgcc/3.3.1.27/avrtoolchain/bin/../lib/gcc/avr/4.5.1/avr5\libgcc.a(_clear_bss.o)
 .bss           0x008000fe        0x0 c:/program files/atmel/avr studio 5.1/extensions/atmel/avrgcc/3.3.1.27/avrtoolchain/bin/../lib/gcc/avr/4.5.1/avr5\libgcc.a(_udivmodsi4.o)
 .bss           0x008000fe        0x0 c:/program files/atmel/avr studio 5.1/extensions/atmel/avrgcc/3.3.1.27/avrtoolchain/bin/../lib/gcc/avr/4.5.1/../../../../avr/lib/avr5\libc.a(atol.o)
 .bss           0x008000fe        0x0 c:/program files/atmel/avr studio 5.1/extensions/atmel/avrgcc/3.3.1.27/avrtoolchain/bin/../lib/gcc/avr/4.5.1/../../../../avr/lib/avr5\libc.a(strcpy.o)
 .bss           0x008000fe        0x0 c:/program files/atmel/avr studio 5.1/extensions/atmel/avrgcc/3.3.1.27/avrtoolchain/bin/../lib/gcc/avr/4.5.1/../../../../avr/lib/avr5\libc.a(ltoa.o)
 .bss           0x008000fe        0x0 c:/program files/atmel/avr studio 5.1/extensions/atmel/avrgcc/3.3.1.27/avrtoolchain/bin/../lib/gcc/avr/4.5.1/../../../../avr/lib/avr5\libc.a(mulsi10.o)
 .bss           0x008000fe        0x0 c:/program files/atmel/avr studio 5.1/extensions/atmel/avrgcc/3.3.1.27/avrtoolchain/bin/../lib/gcc/avr/4.5.1/../../../../avr/lib/avr5\libc.a(sprintf.o)
 .bss           0x008000fe        0x0 c:/program files/atmel/avr studio 5.1/extensions/atmel/avrgcc/3.3.1.27/avrtoolchain/bin/../lib/gcc/avr/4.5.1/../../../../avr/lib/avr5\libc.a(vfprintf_std.o)
 .bss           0x008000fe        0x0 c:/program files/atmel/avr studio 5.1/extensions/atmel/avrgcc/3.3.1.27/avrtoolchain/bin/../lib/gcc/avr/4.5.1/../../../../avr/lib/avr5\libc.a(eerd_byte_atmega16.o)
 .bss           0x008000fe        0x0 c:/program files/atmel/avr studio 5.1/extensions/atmel/avrgcc/3.3.1.27/avrtoolchain/bin/../lib/gcc/avr/4.5.1/../../../../avr/lib/avr5\libc.a(eerd_dword_atmega16.o)
 .bss           0x008000fe        0x0 c:/program files/atmel/avr studio 5.1/extensions/atmel/avrgcc/3.3.1.27/avrtoolchain/bin/../lib/gcc/avr/4.5.1/../../../../avr/lib/avr5\libc.a(eewr_byte_atmega16.o)
 .bss           0x008000fe        0x0 c:/program files/atmel/avr studio 5.1/extensions/atmel/avrgcc/3.3.1.27/avrtoolchain/bin/../lib/gcc/avr/4.5.1/../../../../avr/lib/avr5\libc.a(eewr_dword_atmega16.o)
 .bss           0x008000fe        0x0 c:/program files/atmel/avr studio 5.1/extensions/atmel/avrgcc/3.3.1.27/avrtoolchain/bin/../lib/gcc/avr/4.5.1/../../../../avr/lib/avr5\libc.a(eewr_word_atmega16.o)
 .bss           0x008000fe        0x0 c:/program files/atmel/avr studio 5.1/extensions/atmel/avrgcc/3.3.1.27/avrtoolchain/bin/../lib/gcc/avr/4.5.1/../../../../avr/lib/avr5\libc.a(strnlen_P.o)
 .bss           0x008000fe        0x0 c:/program files/atmel/avr studio 5.1/extensions/atmel/avrgcc/3.3.1.27/avrtoolchain/bin/../lib/gcc/avr/4.5.1/../../../../avr/lib/avr5\libc.a(strnlen.o)
 .bss           0x008000fe        0x0 c:/program files/atmel/avr studio 5.1/extensions/atmel/avrgcc/3.3.1.27/avrtoolchain/bin/../lib/gcc/avr/4.5.1/../../../../avr/lib/avr5\libc.a(strrev.o)
 .bss           0x008000fe        0x0 c:/program files/atmel/avr studio 5.1/extensions/atmel/avrgcc/3.3.1.27/avrtoolchain/bin/../lib/gcc/avr/4.5.1/../../../../avr/lib/avr5\libc.a(fputc.o)
 .bss           0x008000fe        0x0 c:/program files/atmel/avr studio 5.1/extensions/atmel/avrgcc/3.3.1.27/avrtoolchain/bin/../lib/gcc/avr/4.5.1/../../../../avr/lib/avr5\libc.a(ultoa_invert.o)
 .bss           0x008000fe        0x0 c:/program files/atmel/avr studio 5.1/extensions/atmel/avrgcc/3.3.1.27/avrtoolchain/bin/../lib/gcc/avr/4.5.1/../../../../avr/lib/avr5\libc.a(eerd_block_atmega16.o)
 .bss           0x008000fe        0x0 c:/program files/atmel/avr studio 5.1/extensions/atmel/avrgcc/3.3.1.27/avrtoolchain/bin/../lib/gcc/avr/4.5.1/avr5\libgcc.a(_prologue.o)
 .bss           0x008000fe        0x0 c:/program files/atmel/avr studio 5.1/extensions/atmel/avrgcc/3.3.1.27/avrtoolchain/bin/../lib/gcc/avr/4.5.1/avr5\libgcc.a(_epilogue.o)
 *(.bss*)
 *(COMMON)
 COMMON         0x008000fe       0x25 rtc.o
                0x008000fe                rtc_reg
                0x00800105                time
                0x00800114                date
                0x00800123                PROVIDE (__bss_end, .)
                0x000016b4                __data_load_start = LOADADDR (.data)
                0x00001752                __data_load_end = (__data_load_start + SIZEOF (.data))

.noinit         0x00800123        0x0
                0x00800123                PROVIDE (__noinit_start, .)
 *(.noinit*)
                0x00800123                PROVIDE (__noinit_end, .)
                0x00800123                _end = .
                0x00800123                PROVIDE (__heap_start, .)

.eeprom         0x00810000        0x0
 *(.eeprom*)
                0x00810000                __eeprom_end = .

.fuse
 *(.fuse)
 *(.lfuse)
 *(.hfuse)
 *(.efuse)

.lock
 *(.lock*)

.signature
 *(.signature*)

.stab           0x00000000     0x1704
 *(.stab)
 .stab          0x00000000      0x6cc c:/program files/atmel/avr studio 5.1/extensions/atmel/avrgcc/3.3.1.27/avrtoolchain/bin/../lib/gcc/avr/4.5.1/../../../../avr/lib/avr5/crtm16.o
 .stab          0x000006cc      0x1e0 c:/program files/atmel/avr studio 5.1/extensions/atmel/avrgcc/3.3.1.27/avrtoolchain/bin/../lib/gcc/avr/4.5.1/../../../../avr/lib/avr5\libc.a(atol.o)
                                0x1ec (size before relaxing)
 .stab          0x000008ac       0x6c c:/program files/atmel/avr studio 5.1/extensions/atmel/avrgcc/3.3.1.27/avrtoolchain/bin/../lib/gcc/avr/4.5.1/../../../../avr/lib/avr5\libc.a(strcpy.o)
                                 0x78 (size before relaxing)
 .stab          0x00000918      0x294 c:/program files/atmel/avr studio 5.1/extensions/atmel/avrgcc/3.3.1.27/avrtoolchain/bin/../lib/gcc/avr/4.5.1/../../../../avr/lib/avr5\libc.a(ltoa.o)
                                0x2a0 (size before relaxing)
 .stab          0x00000bac      0x114 c:/program files/atmel/avr studio 5.1/extensions/atmel/avrgcc/3.3.1.27/avrtoolchain/bin/../lib/gcc/avr/4.5.1/../../../../avr/lib/avr5\libc.a(mulsi10.o)
                                0x120 (size before relaxing)
 .stab          0x00000cc0       0x90 c:/program files/atmel/avr studio 5.1/extensions/atmel/avrgcc/3.3.1.27/avrtoolchain/bin/../lib/gcc/avr/4.5.1/../../../../avr/lib/avr5\libc.a(eerd_byte_atmega16.o)
                                 0x9c (size before relaxing)
 .stab          0x00000d50       0x78 c:/program files/atmel/avr studio 5.1/extensions/atmel/avrgcc/3.3.1.27/avrtoolchain/bin/../lib/gcc/avr/4.5.1/../../../../avr/lib/avr5\libc.a(eerd_dword_atmega16.o)
                                 0x84 (size before relaxing)
 .stab          0x00000dc8       0xd8 c:/program files/atmel/avr studio 5.1/extensions/atmel/avrgcc/3.3.1.27/avrtoolchain/bin/../lib/gcc/avr/4.5.1/../../../../avr/lib/avr5\libc.a(eewr_byte_atmega16.o)
                                 0xe4 (size before relaxing)
 .stab          0x00000ea0       0x78 c:/program files/atmel/avr studio 5.1/extensions/atmel/avrgcc/3.3.1.27/avrtoolchain/bin/../lib/gcc/avr/4.5.1/../../../../avr/lib/avr5\libc.a(eewr_dword_atmega16.o)
                                 0x84 (size before relaxing)
 .stab          0x00000f18       0x54 c:/program files/atmel/avr studio 5.1/extensions/atmel/avrgcc/3.3.1.27/avrtoolchain/bin/../lib/gcc/avr/4.5.1/../../../../avr/lib/avr5\libc.a(eewr_word_atmega16.o)
                                 0x60 (size before relaxing)
 .stab          0x00000f6c       0x9c c:/program files/atmel/avr studio 5.1/extensions/atmel/avrgcc/3.3.1.27/avrtoolchain/bin/../lib/gcc/avr/4.5.1/../../../../avr/lib/avr5\libc.a(strnlen_P.o)
                                 0xa8 (size before relaxing)
 .stab          0x00001008       0x9c c:/program files/atmel/avr studio 5.1/extensions/atmel/avrgcc/3.3.1.27/avrtoolchain/bin/../lib/gcc/avr/4.5.1/../../../../avr/lib/avr5\libc.a(strnlen.o)
                                 0xa8 (size before relaxing)
 .stab          0x000010a4       0xd8 c:/program files/atmel/avr studio 5.1/extensions/atmel/avrgcc/3.3.1.27/avrtoolchain/bin/../lib/gcc/avr/4.5.1/../../../../avr/lib/avr5\libc.a(strrev.o)
                                 0xe4 (size before relaxing)
 .stab          0x0000117c      0x480 c:/program files/atmel/avr studio 5.1/extensions/atmel/avrgcc/3.3.1.27/avrtoolchain/bin/../lib/gcc/avr/4.5.1/../../../../avr/lib/avr5\libc.a(ultoa_invert.o)
                                0x48c (size before relaxing)
 .stab          0x000015fc      0x108 c:/program files/atmel/avr studio 5.1/extensions/atmel/avrgcc/3.3.1.27/avrtoolchain/bin/../lib/gcc/avr/4.5.1/../../../../avr/lib/avr5\libc.a(eerd_block_atmega16.o)
                                0x114 (size before relaxing)

.stabstr        0x00000000      0x69b
 *(.stabstr)
 .stabstr       0x00000000      0x69b c:/program files/atmel/avr studio 5.1/extensions/atmel/avrgcc/3.3.1.27/avrtoolchain/bin/../lib/gcc/avr/4.5.1/../../../../avr/lib/avr5/crtm16.o

.stab.excl
 *(.stab.excl)

.stab.exclstr
 *(.stab.exclstr)

.stab.index
 *(.stab.index)

.stab.indexstr
 *(.stab.indexstr)

.comment
 *(.comment)

.debug
 *(.debug)

.line
 *(.line)

.debug_srcinfo
 *(.debug_srcinfo)

.debug_sfnames
 *(.debug_sfnames)

.debug_aranges  0x00000000       0xe0
 *(.debug_aranges)
 .debug_aranges
                0x00000000       0x20 i2c.o
 .debug_aranges
                0x00000020       0x20 lcd.o
 .debug_aranges
                0x00000040       0x20 main.o
 .debug_aranges
                0x00000060       0x20 rtc.o
 .debug_aranges
                0x00000080       0x20 c:/program files/atmel/avr studio 5.1/extensions/atmel/avrgcc/3.3.1.27/avrtoolchain/bin/../lib/gcc/avr/4.5.1/../../../../avr/lib/avr5\libc.a(sprintf.o)
 .debug_aranges
                0x000000a0       0x20 c:/program files/atmel/avr studio 5.1/extensions/atmel/avrgcc/3.3.1.27/avrtoolchain/bin/../lib/gcc/avr/4.5.1/../../../../avr/lib/avr5\libc.a(vfprintf_std.o)
 .debug_aranges
                0x000000c0       0x20 c:/program files/atmel/avr studio 5.1/extensions/atmel/avrgcc/3.3.1.27/avrtoolchain/bin/../lib/gcc/avr/4.5.1/../../../../avr/lib/avr5\libc.a(fputc.o)

.debug_pubnames
                0x00000000      0x2af
 *(.debug_pubnames)
 .debug_pubnames
                0x00000000       0xa4 i2c.o
 .debug_pubnames
                0x000000a4       0x77 lcd.o
 .debug_pubnames
                0x0000011b       0x71 main.o
 .debug_pubnames
                0x0000018c       0xca rtc.o
 .debug_pubnames
                0x00000256       0x1e c:/program files/atmel/avr studio 5.1/extensions/atmel/avrgcc/3.3.1.27/avrtoolchain/bin/../lib/gcc/avr/4.5.1/../../../../avr/lib/avr5\libc.a(sprintf.o)
 .debug_pubnames
                0x00000274       0x1f c:/program files/atmel/avr studio 5.1/extensions/atmel/avrgcc/3.3.1.27/avrtoolchain/bin/../lib/gcc/avr/4.5.1/../../../../avr/lib/avr5\libc.a(vfprintf_std.o)
 .debug_pubnames
                0x00000293       0x1c c:/program files/atmel/avr studio 5.1/extensions/atmel/avrgcc/3.3.1.27/avrtoolchain/bin/../lib/gcc/avr/4.5.1/../../../../avr/lib/avr5\libc.a(fputc.o)

.debug_info     0x00000000     0x14a0
 *(.debug_info)
 .debug_info    0x00000000      0x185 i2c.o
 .debug_info    0x00000185      0x506 lcd.o
 .debug_info    0x0000068b      0x431 main.o
 .debug_info    0x00000abc      0x376 rtc.o
 .debug_info    0x00000e32      0x1b7 c:/program files/atmel/avr studio 5.1/extensions/atmel/avrgcc/3.3.1.27/avrtoolchain/bin/../lib/gcc/avr/4.5.1/../../../../avr/lib/avr5\libc.a(sprintf.o)
 .debug_info    0x00000fe9      0x350 c:/program files/atmel/avr studio 5.1/extensions/atmel/avrgcc/3.3.1.27/avrtoolchain/bin/../lib/gcc/avr/4.5.1/../../../../avr/lib/avr5\libc.a(vfprintf_std.o)
 .debug_info    0x00001339      0x167 c:/program files/atmel/avr studio 5.1/extensions/atmel/avrgcc/3.3.1.27/avrtoolchain/bin/../lib/gcc/avr/4.5.1/../../../../avr/lib/avr5\libc.a(fputc.o)
 *(.gnu.linkonce.wi.*)

.debug_abbrev   0x00000000      0x939
 *(.debug_abbrev)
 .debug_abbrev  0x00000000       0xbc i2c.o
 .debug_abbrev  0x000000bc      0x1b4 lcd.o
 .debug_abbrev  0x00000270      0x1ec main.o
 .debug_abbrev  0x0000045c      0x1a8 rtc.o
 .debug_abbrev  0x00000604       0xfd c:/program files/atmel/avr studio 5.1/extensions/atmel/avrgcc/3.3.1.27/avrtoolchain/bin/../lib/gcc/avr/4.5.1/../../../../avr/lib/avr5\libc.a(sprintf.o)
 .debug_abbrev  0x00000701      0x15f c:/program files/atmel/avr studio 5.1/extensions/atmel/avrgcc/3.3.1.27/avrtoolchain/bin/../lib/gcc/avr/4.5.1/../../../../avr/lib/avr5\libc.a(vfprintf_std.o)
 .debug_abbrev  0x00000860       0xd9 c:/program files/atmel/avr studio 5.1/extensions/atmel/avrgcc/3.3.1.27/avrtoolchain/bin/../lib/gcc/avr/4.5.1/../../../../avr/lib/avr5\libc.a(fputc.o)

.debug_line     0x00000000     0x1d70
 *(.debug_line)
 .debug_line    0x00000000      0x27d i2c.o
 .debug_line    0x0000027d      0x3af lcd.o
 .debug_line    0x0000062c      0x73f main.o
 .debug_line    0x00000d6b      0x65c rtc.o
 .debug_line    0x000013c7      0x1d7 c:/program files/atmel/avr studio 5.1/extensions/atmel/avrgcc/3.3.1.27/avrtoolchain/bin/../lib/gcc/avr/4.5.1/../../../../avr/lib/avr5\libc.a(sprintf.o)
 .debug_line    0x0000159e      0x675 c:/program files/atmel/avr studio 5.1/extensions/atmel/avrgcc/3.3.1.27/avrtoolchain/bin/../lib/gcc/avr/4.5.1/../../../../avr/lib/avr5\libc.a(vfprintf_std.o)
 .debug_line    0x00001c13      0x15d c:/program files/atmel/avr studio 5.1/extensions/atmel/avrgcc/3.3.1.27/avrtoolchain/bin/../lib/gcc/avr/4.5.1/../../../../avr/lib/avr5\libc.a(fputc.o)

.debug_frame    0x00000000      0x270
 *(.debug_frame)
 .debug_frame   0x00000000       0x90 i2c.o
 .debug_frame   0x00000090       0x80 lcd.o
 .debug_frame   0x00000110       0x60 main.o
 .debug_frame   0x00000170       0xa0 rtc.o
 .debug_frame   0x00000210       0x20 c:/program files/atmel/avr studio 5.1/extensions/atmel/avrgcc/3.3.1.27/avrtoolchain/bin/../lib/gcc/avr/4.5.1/../../../../avr/lib/avr5\libc.a(sprintf.o)
 .debug_frame   0x00000230       0x20 c:/program files/atmel/avr studio 5.1/extensions/atmel/avrgcc/3.3.1.27/avrtoolchain/bin/../lib/gcc/avr/4.5.1/../../../../avr/lib/avr5\libc.a(vfprintf_std.o)
 .debug_frame   0x00000250       0x20 c:/program files/atmel/avr studio 5.1/extensions/atmel/avrgcc/3.3.1.27/avrtoolchain/bin/../lib/gcc/avr/4.5.1/../../../../avr/lib/avr5\libc.a(fputc.o)

.debug_str      0x00000000      0x55f
 *(.debug_str)
 .debug_str     0x00000000      0x11c i2c.o
                                0x155 (size before relaxing)
 .debug_str     0x0000011c       0xd7 lcd.o
                                0x1aa (size before relaxing)
 .debug_str     0x000001f3      0x119 main.o
                                0x255 (size before relaxing)
 .debug_str     0x0000030c       0x93 rtc.o
                                0x1d1 (size before relaxing)
 .debug_str     0x0000039f       0xa4 c:/program files/atmel/avr studio 5.1/extensions/atmel/avrgcc/3.3.1.27/avrtoolchain/bin/../lib/gcc/avr/4.5.1/../../../../avr/lib/avr5\libc.a(sprintf.o)
                                0x12c (size before relaxing)
 .debug_str     0x00000443       0xbb c:/program files/atmel/avr studio 5.1/extensions/atmel/avrgcc/3.3.1.27/avrtoolchain/bin/../lib/gcc/avr/4.5.1/../../../../avr/lib/avr5\libc.a(vfprintf_std.o)
                                0x182 (size before relaxing)
 .debug_str     0x000004fe       0x61 c:/program files/atmel/avr studio 5.1/extensions/atmel/avrgcc/3.3.1.27/avrtoolchain/bin/../lib/gcc/avr/4.5.1/../../../../avr/lib/avr5\libc.a(fputc.o)
                                0x106 (size before relaxing)

.debug_loc      0x00000000     0x10b9
 *(.debug_loc)
 .debug_loc     0x00000000       0x64 i2c.o
 .debug_loc     0x00000064       0xf4 lcd.o
 .debug_loc     0x00000158      0x60f main.o
 .debug_loc     0x00000767      0x261 rtc.o
 .debug_loc     0x000009c8      0x6a1 c:/program files/atmel/avr studio 5.1/extensions/atmel/avrgcc/3.3.1.27/avrtoolchain/bin/../lib/gcc/avr/4.5.1/../../../../avr/lib/avr5\libc.a(vfprintf_std.o)
 .debug_loc     0x00001069       0x50 c:/program files/atmel/avr studio 5.1/extensions/atmel/avrgcc/3.3.1.27/avrtoolchain/bin/../lib/gcc/avr/4.5.1/../../../../avr/lib/avr5\libc.a(fputc.o)

.debug_macinfo
 *(.debug_macinfo)
OUTPUT(borewell.elf elf32-avr)
LOAD linker stubs

.debug_pubtypes
                0x00000000      0x18a
 .debug_pubtypes
                0x00000000       0x1e i2c.o
 .debug_pubtypes
                0x0000001e       0x38 lcd.o
 .debug_pubtypes
                0x00000056       0x38 main.o
 .debug_pubtypes
                0x0000008e       0x38 rtc.o
 .debug_pubtypes
                0x000000c6       0x48 c:/program files/atmel/avr studio 5.1/extensions/atmel/avrgcc/3.3.1.27/avrtoolchain/bin/../lib/gcc/avr/4.5.1/../../../../avr/lib/avr5\libc.a(sprintf.o)
 .debug_pubtypes
                0x0000010e       0x53 c:/program files/atmel/avr studio 5.1/extensions/atmel/avrgcc/3.3.1.27/avrtoolchain/bin/../lib/gcc/avr/4.5.1/../../../../avr/lib/avr5\libc.a(vfprintf_std.o)
 .debug_pubtypes
                0x00000161       0x29 c:/program files/atmel/avr studio 5.1/extensions/atmel/avrgcc/3.3.1.27/avrtoolchain/bin/../lib/gcc/avr/4.5.1/../../../../avr/lib/avr5\libc.a(fputc.o)

.debug_ranges   0x00000000       0x48
 .debug_ranges  0x00000000       0x10 c:/program files/atmel/avr studio 5.1/extensions/atmel/avrgcc/3.3.1.27/avrtoolchain/bin/../lib/gcc/avr/4.5.1/../../../../avr/lib/avr5\libc.a(sprintf.o)
 .debug_ranges  0x00000010       0x28 c:/program files/atmel/avr studio 5.1/extensions/atmel/avrgcc/3.3.1.27/avrtoolchain/bin/../lib/gcc/avr/4.5.1/../../../../avr/lib/avr5\libc.a(vfprintf_std.o)
 .debug_ranges  0x00000038       0x10 c:/program files/atmel/avr studio 5.1/extensions/atmel/avrgcc/3.3.1.27/avrtoolchain/bin/../lib/gcc/avr/4.5.1/../../../../avr/lib/avr5\libc.a(fputc.o)
